Release 14.7 - xst P.20131013 (lin64)
Copyright (c) 1995-2013 Xilinx, Inc.  All rights reserved.
--> 
Parameter TMPDIR set to xst/projnav.tmp


Total REAL time to Xst completion: 0.00 secs
Total CPU time to Xst completion: 0.03 secs
 
--> 
Parameter xsthdpdir set to xst


Total REAL time to Xst completion: 0.00 secs
Total CPU time to Xst completion: 0.03 secs
 
--> 
Reading design: WatchDog.prj

TABLE OF CONTENTS
  1) Synthesis Options Summary
  2) HDL Parsing
  3) HDL Elaboration
  4) HDL Synthesis
       4.1) HDL Synthesis Report
  5) Advanced HDL Synthesis
       5.1) Advanced HDL Synthesis Report
  6) Low Level Synthesis
  7) Partition Report
  8) Design Summary
       8.1) Primitive and Black Box Usage
       8.2) Device utilization summary
       8.3) Partition Resource Summary
       8.4) Timing Report
            8.4.1) Clock Information
            8.4.2) Asynchronous Control Signals Information
            8.4.3) Timing Summary
            8.4.4) Timing Details
            8.4.5) Cross Clock Domains Report


=========================================================================
*                      Synthesis Options Summary                        *
=========================================================================
---- Source Parameters
Input File Name                    : "WatchDog.prj"
Ignore Synthesis Constraint File   : NO

---- Target Parameters
Output File Name                   : "WatchDog"
Output Format                      : NGC
Target Device                      : xc6slx4-3-tqg144

---- Source Options
Top Module Name                    : WatchDog
Automatic FSM Extraction           : YES
FSM Encoding Algorithm             : Auto
Safe Implementation                : No
FSM Style                          : LUT
RAM Extraction                     : Yes
RAM Style                          : Auto
ROM Extraction                     : Yes
Shift Register Extraction          : YES
ROM Style                          : Auto
Resource Sharing                   : YES
Asynchronous To Synchronous        : NO
Shift Register Minimum Size        : 2
Use DSP Block                      : Auto
Automatic Register Balancing       : No

---- Target Options
LUT Combining                      : Auto
Reduce Control Sets                : Auto
Add IO Buffers                     : YES
Global Maximum Fanout              : 100000
Add Generic Clock Buffer(BUFG)     : 16
Register Duplication               : YES
Optimize Instantiated Primitives   : NO
Use Clock Enable                   : Auto
Use Synchronous Set                : Auto
Use Synchronous Reset              : Auto
Pack IO Registers into IOBs        : Auto
Equivalent register Removal        : YES

---- General Options
Optimization Goal                  : Speed
Optimization Effort                : 1
Power Reduction                    : NO
Keep Hierarchy                     : No
Netlist Hierarchy                  : As_Optimized
RTL Output                         : Yes
Global Optimization                : AllClockNets
Read Cores                         : YES
Write Timing Constraints           : NO
Cross Clock Analysis               : NO
Hierarchy Separator                : /
Bus Delimiter                      : <>
Case Specifier                     : Maintain
Slice Utilization Ratio            : 100
BRAM Utilization Ratio             : 100
DSP48 Utilization Ratio            : 100
Auto BRAM Packing                  : NO
Slice Utilization Ratio Delta      : 5

=========================================================================


=========================================================================
*                          HDL Parsing                                  *
=========================================================================
Parsing VHDL file "/home/simone/progetto reti logiche/WindowedWatchdogCounter/latch_d.vhd" into library work
Parsing entity <latch_d>.
Parsing architecture <RTL> of entity <latch_d>.
Parsing VHDL file "/home/simone/progetto reti logiche/WindowedWatchdogCounter/vector_equals.vhd" into library work
Parsing entity <vector_equals>.
Parsing architecture <RTL> of entity <vector_equals>.
Parsing VHDL file "/home/simone/progetto reti logiche/WindowedWatchdogCounter/reg_PP.vhd" into library work
Parsing entity <reg_PP>.
Parsing architecture <RTL> of entity <reg_pp>.
Parsing VHDL file "/home/simone/progetto reti logiche/WindowedWatchdogCounter/counter_clrToOne.vhd" into library work
Parsing entity <counter_clrToOne>.
Parsing architecture <RTL> of entity <counter_clrtoone>.
Parsing VHDL file "/home/simone/progetto reti logiche/WindowedWatchdogCounter/time_comparator.vhd" into library work
Parsing entity <time_comparator>.
Parsing architecture <RTL> of entity <time_comparator>.
Parsing VHDL file "/home/simone/progetto reti logiche/WindowedWatchdogCounter/register_file.vhd" into library work
Parsing entity <register_file>.
Parsing architecture <RTL> of entity <register_file>.
Parsing VHDL file "/home/simone/progetto reti logiche/WindowedWatchdogCounter/prescaler.vhd" into library work
Parsing entity <prescaler>.
Parsing architecture <RTL> of entity <prescaler>.
Parsing VHDL file "/home/simone/progetto reti logiche/WindowedWatchdogCounter/output_reset.vhd" into library work
Parsing entity <output_reset>.
Parsing architecture <RTL> of entity <output_reset>.
Parsing VHDL file "/home/simone/progetto reti logiche/WindowedWatchdogCounter/counter.vhd" into library work
Parsing entity <counter>.
Parsing architecture <RTL> of entity <counter>.
Parsing VHDL file "/home/simone/progetto reti logiche/WindowedWatchdogCounter/watchdog.vhd" into library work
Parsing entity <WatchDog>.
Parsing architecture <RTL> of entity <watchdog>.

=========================================================================
*                            HDL Elaboration                            *
=========================================================================

Elaborating entity <WatchDog> (architecture <RTL>) from library <work>.

Elaborating entity <register_file> (architecture <RTL>) from library <work>.

Elaborating entity <reg_PP> (architecture <RTL>) with generics from library <work>.

Elaborating entity <reg_PP> (architecture <RTL>) with generics from library <work>.

Elaborating entity <prescaler> (architecture <RTL>) from library <work>.

Elaborating entity <counter_clrToOne> (architecture <RTL>) from library <work>.

Elaborating entity <latch_d> (architecture <RTL>) from library <work>.

Elaborating entity <counter> (architecture <RTL>) with generics from library <work>.

Elaborating entity <time_comparator> (architecture <RTL>) from library <work>.

Elaborating entity <vector_equals> (architecture <RTL>) from library <work>.

Elaborating entity <output_reset> (architecture <RTL>) from library <work>.

=========================================================================
*                           HDL Synthesis                               *
=========================================================================

Synthesizing Unit <WatchDog>.
    Related source file is "/home/simone/progetto reti logiche/WindowedWatchdogCounter/watchdog.vhd".
    Found 1-bit register for signal <started>.
    Summary:
	inferred   1 D-type flip-flop(s).
Unit <WatchDog> synthesized.

Synthesizing Unit <register_file>.
    Related source file is "/home/simone/progetto reti logiche/WindowedWatchdogCounter/register_file.vhd".
    Summary:
	inferred   4 Multiplexer(s).
Unit <register_file> synthesized.

Synthesizing Unit <reg_PP_1>.
    Related source file is "/home/simone/progetto reti logiche/WindowedWatchdogCounter/reg_PP.vhd".
        dimension = 4
    Found 4-bit register for signal <register_data>.
    Summary:
	inferred   4 D-type flip-flop(s).
Unit <reg_PP_1> synthesized.

Synthesizing Unit <reg_PP_2>.
    Related source file is "/home/simone/progetto reti logiche/WindowedWatchdogCounter/reg_PP.vhd".
        dimension = 16
    Found 16-bit register for signal <register_data>.
    Summary:
	inferred  16 D-type flip-flop(s).
Unit <reg_PP_2> synthesized.

Synthesizing Unit <prescaler>.
    Related source file is "/home/simone/progetto reti logiche/WindowedWatchdogCounter/prescaler.vhd".
    Found 1-bit 12-to-1 multiplexer for signal <clk_enable_s> created at line 40.
    Summary:
	inferred   1 Multiplexer(s).
Unit <prescaler> synthesized.

Synthesizing Unit <counter_clrToOne>.
    Related source file is "/home/simone/progetto reti logiche/WindowedWatchdogCounter/counter_clrToOne.vhd".
    Summary:
Unit <counter_clrToOne> synthesized.

Synthesizing Unit <latch_d>.
    Related source file is "/home/simone/progetto reti logiche/WindowedWatchdogCounter/latch_d.vhd".
    Found 1-bit register for signal <q>.
    Summary:
	inferred   1 D-type flip-flop(s).
Unit <latch_d> synthesized.

Synthesizing Unit <counter>.
    Related source file is "/home/simone/progetto reti logiche/WindowedWatchdogCounter/counter.vhd".
        dimension = 16
    Summary:
Unit <counter> synthesized.

Synthesizing Unit <time_comparator>.
    Related source file is "/home/simone/progetto reti logiche/WindowedWatchdogCounter/time_comparator.vhd".
    Summary:
	no macro.
Unit <time_comparator> synthesized.

Synthesizing Unit <vector_equals>.
    Related source file is "/home/simone/progetto reti logiche/WindowedWatchdogCounter/vector_equals.vhd".
    Found 16-bit comparator equal for signal <equal> created at line 17
    Summary:
	inferred   1 Comparator(s).
Unit <vector_equals> synthesized.

Synthesizing Unit <output_reset>.
    Related source file is "/home/simone/progetto reti logiche/WindowedWatchdogCounter/output_reset.vhd".
    Summary:
	no macro.
Unit <output_reset> synthesized.

=========================================================================
HDL Synthesis Report

Macro Statistics
# Registers                                            : 34
 1-bit register                                        : 30
 16-bit register                                       : 3
 4-bit register                                        : 1
# Comparators                                          : 3
 16-bit comparator equal                               : 3
# Multiplexers                                         : 5
 1-bit 12-to-1 multiplexer                             : 1
 1-bit 2-to-1 multiplexer                              : 4
# Xors                                                 : 27
 1-bit xor2                                            : 27

=========================================================================

=========================================================================
*                       Advanced HDL Synthesis                          *
=========================================================================


=========================================================================
Advanced HDL Synthesis Report

Macro Statistics
# Registers                                            : 82
 Flip-Flops                                            : 82
# Comparators                                          : 3
 16-bit comparator equal                               : 3
# Multiplexers                                         : 5
 1-bit 12-to-1 multiplexer                             : 1
 1-bit 2-to-1 multiplexer                              : 4
# Xors                                                 : 27
 1-bit xor2                                            : 27

=========================================================================

=========================================================================
*                         Low Level Synthesis                           *
=========================================================================

Optimizing unit <WatchDog> ...

Optimizing unit <register_file> ...

Optimizing unit <counter_clrToOne> ...

Optimizing unit <counter> ...

Mapping all equations...
Building and optimizing final netlist ...
Found area constraint ratio of 100 (+ 5) on block WatchDog, actual ratio is 5.

Final Macro Processing ...

=========================================================================
Final Register Report

Macro Statistics
# Registers                                            : 82
 Flip-Flops                                            : 82

=========================================================================

=========================================================================
*                           Partition Report                            *
=========================================================================

Partition Implementation Status
-------------------------------

  No Partitions were found in this design.

-------------------------------

=========================================================================
*                            Design Summary                             *
=========================================================================

Top Level Output File Name         : WatchDog.ngc

Primitive and Black Box Usage:
------------------------------
# BELS                             : 116
#      GND                         : 1
#      INV                         : 1
#      LUT2                        : 12
#      LUT3                        : 13
#      LUT4                        : 8
#      LUT5                        : 10
#      LUT6                        : 47
#      MUXCY                       : 21
#      MUXF7                       : 2
#      VCC                         : 1
# FlipFlops/Latches                : 82
#      FDR                         : 30
#      FDRE                        : 52
# Clock Buffers                    : 1
#      BUFGP                       : 1
# IO Buffers                       : 23
#      IBUF                        : 21
#      OBUF                        : 2

Device utilization summary:
---------------------------

Selected Device : 6slx4tqg144-3 


Slice Logic Utilization: 
 Number of Slice Registers:              82  out of   4800     1%  
 Number of Slice LUTs:                   91  out of   2400     3%  
    Number used as Logic:                91  out of   2400     3%  

Slice Logic Distribution: 
 Number of LUT Flip Flop pairs used:    140
   Number with an unused Flip Flop:      58  out of    140    41%  
   Number with an unused LUT:            49  out of    140    35%  
   Number of fully used LUT-FF pairs:    33  out of    140    23%  
   Number of unique control sets:         5

IO Utilization: 
 Number of IOs:                          24
 Number of bonded IOBs:                  24  out of    102    23%  

Specific Feature Utilization:
 Number of BUFG/BUFGCTRLs:                1  out of     16     6%  

---------------------------
Partition Resource Summary:
---------------------------

  No Partitions were found in this design.

---------------------------


=========================================================================
Timing Report

NOTE: THESE TIMING NUMBERS ARE ONLY A SYNTHESIS ESTIMATE.
      FOR ACCURATE TIMING INFORMATION PLEASE REFER TO THE TRACE REPORT
      GENERATED AFTER PLACE-and-ROUTE.

Clock Information:
------------------
-----------------------------------+------------------------+-------+
Clock Signal                       | Clock buffer(FF name)  | Load  |
-----------------------------------+------------------------+-------+
clk                                | BUFGP                  | 82    |
-----------------------------------+------------------------+-------+

Asynchronous Control Signals Information:
----------------------------------------
No asynchronous control signals found in this design

Timing Summary:
---------------
Speed Grade: -3

   Minimum period: 3.961ns (Maximum Frequency: 252.487MHz)
   Minimum input arrival time before clock: 4.116ns
   Maximum output required time after clock: 6.646ns
   Maximum combinational path delay: No path found

Timing Details:
---------------
All values displayed in nanoseconds (ns)

=========================================================================
Timing constraint: Default period analysis for Clock 'clk'
  Clock period: 3.961ns (frequency: 252.487MHz)
  Total number of paths / destination ports: 946 / 82
-------------------------------------------------------------------------
Delay:               3.961ns (Levels of Logic = 3)
  Source:            reg_file/PS_reg/register_data_1 (FF)
  Destination:       prsclr/counter_inst/d0/q (FF)
  Source Clock:      clk rising
  Destination Clock: clk rising

  Data Path: reg_file/PS_reg/register_data_1 to prsclr/counter_inst/d0/q
                                Gate     Net
    Cell:in->out      fanout   Delay   Delay  Logical Name (Net Name)
    ----------------------------------------  ------------
     FDRE:C->Q             3   0.447   0.995  reg_file/PS_reg/register_data_1 (reg_file/PS_reg/register_data_1)
     LUT5:I0->O            2   0.203   0.845  PSreg_to_ps<3>_SW1 (N10)
     LUT6:I3->O           14   0.205   0.958  PSreg_to_ps<3> (count_trigger)
     LUT2:I1->O            1   0.205   0.000  prsclr/counter_inst/n<0>1 (prsclr/counter_inst/n<0>)
     FDR:D                     0.102          prsclr/counter_inst/d0/q
    ----------------------------------------
    Total                      3.961ns (1.162ns logic, 2.799ns route)
                                       (29.3% logic, 70.7% route)

=========================================================================
Timing constraint: Default OFFSET IN BEFORE for Clock 'clk'
  Total number of paths / destination ports: 283 / 205
-------------------------------------------------------------------------
Offset:              4.116ns (Levels of Logic = 3)
  Source:            clr (PAD)
  Destination:       main_counter/gen1[12].latch/q (FF)
  Destination Clock: clk rising

  Data Path: clr to main_counter/gen1[12].latch/q
                                Gate     Net
    Cell:in->out      fanout   Delay   Delay  Logical Name (Net Name)
    ----------------------------------------  ------------
     IBUF:I->O            11   1.222   1.111  clr_IBUF (clr_IBUF)
     LUT3:I0->O           12   0.205   1.273  count_refresh1 (count_refresh)
     LUT6:I0->O            1   0.203   0.000  main_counter/n<12>1 (main_counter/n<12>)
     FDR:D                     0.102          main_counter/gen1[12].latch/q
    ----------------------------------------
    Total                      4.116ns (1.732ns logic, 2.384ns route)
                                       (42.1% logic, 57.9% route)

=========================================================================
Timing constraint: Default OFFSET OUT AFTER for Clock 'clk'
  Total number of paths / destination ports: 36 / 2
-------------------------------------------------------------------------
Offset:              6.646ns (Levels of Logic = 9)
  Source:            main_counter/d0/q (FF)
  Destination:       nmi (PAD)
  Source Clock:      clk rising

  Data Path: main_counter/d0/q to nmi
                                Gate     Net
    Cell:in->out      fanout   Delay   Delay  Logical Name (Net Name)
    ----------------------------------------  ------------
     FDR:C->Q             17   0.447   1.372  main_counter/d0/q (main_counter/d0/q)
     LUT6:I1->O            1   0.203   0.000  cmp/NMI_comparator/Mcompar_equal_lut<0> (cmp/NMI_comparator/Mcompar_equal_lut<0>)
     MUXCY:S->O            1   0.172   0.000  cmp/NMI_comparator/Mcompar_equal_cy<0> (cmp/NMI_comparator/Mcompar_equal_cy<0>)
     MUXCY:CI->O           1   0.019   0.000  cmp/NMI_comparator/Mcompar_equal_cy<1> (cmp/NMI_comparator/Mcompar_equal_cy<1>)
     MUXCY:CI->O           1   0.019   0.000  cmp/NMI_comparator/Mcompar_equal_cy<2> (cmp/NMI_comparator/Mcompar_equal_cy<2>)
     MUXCY:CI->O           1   0.019   0.000  cmp/NMI_comparator/Mcompar_equal_cy<3> (cmp/NMI_comparator/Mcompar_equal_cy<3>)
     MUXCY:CI->O           1   0.019   0.000  cmp/NMI_comparator/Mcompar_equal_cy<4> (cmp/NMI_comparator/Mcompar_equal_cy<4>)
     MUXCY:CI->O           1   0.213   0.808  cmp/NMI_comparator/Mcompar_equal_cy<5> (nmi_output)
     LUT3:I0->O            1   0.205   0.579  nmi1 (nmi_OBUF)
     OBUF:I->O                 2.571          nmi_OBUF (nmi)
    ----------------------------------------
    Total                      6.646ns (3.887ns logic, 2.759ns route)
                                       (58.5% logic, 41.5% route)

=========================================================================

Cross Clock Domains Report:
--------------------------

Clock to Setup on destination clock clk
---------------+---------+---------+---------+---------+
               | Src:Rise| Src:Fall| Src:Rise| Src:Fall|
Source Clock   |Dest:Rise|Dest:Rise|Dest:Fall|Dest:Fall|
---------------+---------+---------+---------+---------+
clk            |    3.961|         |         |         |
---------------+---------+---------+---------+---------+

=========================================================================


Total REAL time to Xst completion: 5.00 secs
Total CPU time to Xst completion: 4.30 secs
 
--> 


Total memory usage is 385888 kilobytes

Number of errors   :    0 (   0 filtered)
Number of warnings :    0 (   0 filtered)
Number of infos    :    0 (   0 filtered)

